[INFO] Scanning for projects...
[INFO] 
[INFO] --------------< com.backend:movie-ticket-booking-system >---------------
[INFO] Building movie-ticket-booking-system 0.0.1-SNAPSHOT
[INFO]   from pom.xml
[INFO] --------------------------------[ jar ]---------------------------------
[INFO] 
[INFO] --- resources:3.3.1:resources (default-resources) @ movie-ticket-booking-system ---
[INFO] Copying 1 resource from src\main\resources to target\classes
[INFO] Copying 2 resources from src\main\resources to target\classes
[INFO] 
[INFO] --- compiler:3.13.0:compile (default-compile) @ movie-ticket-booking-system ---
[INFO] Nothing to compile - all classes are up to date.
[INFO] 
[INFO] --- resources:3.3.1:testResources (default-testResources) @ movie-ticket-booking-system ---
[INFO] skip non existing resourceDirectory C:\Users\Admin\Documents\Cinema\movie-ticket-booking-system-backend\src\test\resources
[INFO] 
[INFO] --- compiler:3.13.0:testCompile (default-testCompile) @ movie-ticket-booking-system ---
[INFO] Recompiling the module because of changed source code.
[INFO] Compiling 4 source files with javac [debug parameters release 21] to target\test-classes
[INFO] 
[INFO] --- surefire:3.2.5:test (default-test) @ movie-ticket-booking-system ---
[INFO] Using auto detected provider org.apache.maven.surefire.junitplatform.JUnitPlatformProvider
[INFO] 
[INFO] -------------------------------------------------------
[INFO]  T E S T S
[INFO] -------------------------------------------------------
[INFO] Running com.backend.movie_ticket_booking_system.services.MovieServiceTest
[INFO] Tests run: 10, Failures: 0, Errors: 0, Skipped: 0, Time elapsed: 3.246 s -- in com.backend.movie_ticket_booking_system.services.MovieServiceTest
[INFO] Running com.backend.movie_ticket_booking_system.services.TicketServiceTest
[INFO] Tests run: 6, Failures: 0, Errors: 0, Skipped: 0, Time elapsed: 0.270 s -- in com.backend.movie_ticket_booking_system.services.TicketServiceTest
[INFO] Running com.backend.movie_ticket_booking_system.services.UserServiceTest
[INFO] Tests run: 10, Failures: 0, Errors: 0, Skipped: 0, Time elapsed: 0.243 s -- in com.backend.movie_ticket_booking_system.services.UserServiceTest
[INFO] 
[INFO] Results:
[INFO] 
[INFO] Tests run: 26, Failures: 0, Errors: 0, Skipped: 0
[INFO] 
[INFO] ------------------------------------------------------------------------
[INFO] BUILD SUCCESS
[INFO] ------------------------------------------------------------------------
[INFO] Total time:  20.632 s
[INFO] Finished at: 2026-03-22T11:36:24+07:00
[INFO] ------------------------------------------------------------------------
